---
source: src/tests/view_snapshots.rs
expression: output
---
┌Conversations─────────────────────────────────────────────────────────────────────────────────────┐
│ Main │ toolu_subagent_001 │ toolu_subagent_002                                                   │
└──────────────────────────────────────────────────────────────────────────────────────────────────┘
┌Main [Opus] (2 entries)───────────────────────────────────────────────────────────────────────────┐
││  1 Help me with this task                                                                       │
│                                                                                                  │
││  2 I'll spawn subagents to help.                                                                │
│── 10 in / 15 out / $0.00 | Context: 10 (0%) ──                                                   │
│                                                                                                  │
│                                                                                                  │
│                                                                                                  │
│                                                                                                  │
│                                                                                                  │
│                                                                                                  │
│                                                                                                  │
│                                                                                                  │
│                                                                                                  │
│                                                                                                  │
│                                                                                                  │
│                                                                                                  │
│                                                                                                  │
│                                                                                                  │
│                                                                                                  │
│                                                                                                  │
│                                                                                                  │
│                                                                                                  │
│                                                                                                  │
│                                                                                                  │
└──────────────────────────────────────────────────────────────────────────────────────────────────┘
[LIVE] Wrap: On | q: Quit | ?: Help | /: Search | s: Stats | Tab: Cycle panes
