---
source: src/tests/view_snapshots.rs
expression: output
---
┌Conversations─────────────────────────────────────────────────────────────────┐
│ Main                                                                         │
└──────────────────────────────────────────────────────────────────────────────┘
┌Main [Opus] (4 entries)───────────────────────────────────────────────────────┐
││  1 Test message                                                             │
│                                                                              │
││  2 This is a thinking block with some content that should be estimated as to│
││    kens. Let me think about this carefully.                                 │
││    Here is my response.                                                     │
│── ↓600/800 ↑50/78 / $0.01 | Context: 850 (0%) ──                             │
││  3 Another test                                                             │
│                                                                              │
││  4 Second response.                                                         │
│── ↓150/950 ↑30/30 / $0.01 | Context: 980 (0%) ──                             │
│                                                                              │
│                                                                              │
│                                                                              │
│                                                                              │
│                                                                              │
│                                                                              │
│                                                                              │
│                                                                              │
│                                                                              │
└──────────────────────────────────────────────────────────────────────────────┘
[LIVE] Wrap: On | q: Quit | ?: Help | /: Search | s: Stats | Tab: Cycle panes
