---
source: src/tests/view_snapshots.rs
expression: output_before.clone()
---
┌Conversations─────────────────────────────────────────────────────────────────────────────────────────────────────────────────────────────────────────────────────────────────────────────────────────┐
│ Main │ toolu_01DW7AVW3cYPEjGLyZesCcxS │ toolu_01K8kEwV7rgfGnhz2Uvxdmjr │ toolu_01TtbNRBcQWN8sTuNDK4Cu7T                                                                                              │
└──────────────────────────────────────────────────────────────────────────────────────────────────────────────────────────────────────────────────────────────────────────────────────────────────────┘
┌toolu_01DW7AVW3cYPEjGLyZesCcxS [Haiku] (25 entries)───────────────────────────────────────────────────────────────────────────────────────────────────────────────────────────────────────────────────┐
││  1 Analyze the current codebase state for implementing split pane layout. I need to understand:                                                                                                     │
││                                                                                                                                                                                                     │
││    1. What files exist in src/view/ currently?                                                                                                                                                      │
││    (+29 more lines)                                                                                                                                                                                 │
│                                                                                                                                                                                                      │
││  2 🔧. Tool: Glob                                                                                                                                                                                    │
││      {                                                                                                                                                                                              │
││        "pattern": "src/view/**"                                                                                                                                                                     │
││      }                                                                                                                                                                                              │
│── ↓11.6k/11.6k ↑1/7 / $0.01 | Context: 11.6k (5%) ──                                                                                                                                                 │
││  3 🔧. Tool: Glob                                                                                                                                                                                    │
││      {                                                                                                                                                                                              │
││        "pattern": "src/**/*.rs"                                                                                                                                                                     │
││      }                                                                                                                                                                                              │
│── ↓11.6k/11.6k ↑1/7 / $0.01 | Context: 11.6k (5%) ──                                                                                                                                                 │
││  4 🔧  Tool: Read                                                                                                                                                                                    │
││      {                                                                                                                                                                                              │
││        "file_path": "/home/claude/cclv/src"                                                                                                                                                         │
││      }                                                                                                                                                                                              │
│── ↓11.6k/11.6k ↑1/10 / $0.01 | Context: 11.6k (5%) ──                                                                                                                                                │
││  5 EISDIR: illegal operation on a directory, read                                                                                                                                                   │
│                                                                                                                                                                                                      │
││  6 /home/claude/cclv/src/view/mod.rs                                                                                                                                                                │
│                                                                                                                                                                                                      │
││  7 /home/claude/cclv/src/model/identifiers.rs                                                                                                                                                       │
││    /home/claude/cclv/src/model/usage.rs                                                                                                                                                             │
││    /home/claude/cclv/src/model/session.rs                                                                                                                                                           │
││    (+18 more lines)                                                                                                                                                                                 │
│                                                                                                                                                                                                      │
││  8 🔧a Tool: Read                                                                                                                                                                                    │
││      {                                                                                                                                                                                              │
││        "file_path": "/home/claude/cclv/src/view/mod.rs"                                                                                                                                             │
││      }                                                                                                                                                                                              │
│── ↓641/12.3k ↑1/13 / $0.01 | Context: 12.3k (6%) ──                                                                                                                                                  │
└──────────────────────────────────────────────────────────────────────────────────────────────────────────────────────────────────────────────────────────────────────────────────────────────────────┘
[LIVE] │ Session 24/24 │ Wrap: On | q: Quit | ?: Help | /: Search | s: Stats | Tab: Cycle panes
