---
source: src/tests/view_snapshots.rs
expression: output
---
┌Conversations─────────────────────────────────────────────────────────────────────────────────────┐
│ Main │ toolu_subagent_001 │ toolu_subagent_002                                                   │
└──────────────────────────────────────────────────────────────────────────────────────────────────┘
┌toolu_subagent_002 [Haiku] (2 entries)────────────────────────────────────────────────────────────┐
││  1 Subagent 2 task                                                                              │
│                                                                                                  │
││  2 Subagent 2 working on task.                                                                  │
│── 5 in / 10 out / $0.00 | Context: 5 (0%) ──                                                     │
│                                                                                                  │
│                                                                                                  │
│                                                                                                  │
│                                                                                                  │
│                                                                                                  │
│                                                                                                  │
│                                                                                                  │
│                                                                                                  │
│                                                                                                  │
│                                                                                                  │
│                                                                                                  │
│                                                                                                  │
│                                                                                                  │
│                                                                                                  │
│                                                                                                  │
│                                                                                                  │
│                                                                                                  │
│                                                                                                  │
│                                                                                                  │
│                                                                                                  │
└──────────────────────────────────────────────────────────────────────────────────────────────────┘
[LIVE] Wrap: On | q: Quit | ?: Help | /: Search | s: Stats | Tab: Cycle panes
