---
source: src/tests/acceptance_stats_session_mismatch.rs
expression: output_after_switch
---
┌Conversations─────────────────────────────────────────────────────────────────────────────────────┐
│ Main │ toolu_alpha_sub                                                                           │
└──────────────────────────────────────────────────────────────────────────────────────────────────┘
┌Main [Opus] (3 entries)───────────────────────────────────────────────────────────────────────────┐
│                                                                                                  │
││  2 Alpha session - Main agent response 1                                                        │
│── ↓1.0k/1.0k ↑100/100 / $0.02 | Context: 1.1k (0%) ──                                            │
││  3 Alpha session - Main agent response 2                                                        │
│── ↓1.5k/1.5k ↑150/150 / $0.03 | Context: 1.6k (0%) ──                                            │
│                                                                                                  │
│                                                                                                  │
│                                                                                                  │
│                                                                                                  │
│                                                                                                  │
│                                                                                                  │
│                                                                                                  │
│                                                                                                  │
│                                                                                                  │
└──────────────────────────────────────────────────────────────────────────────────────────────────┘
┌ Statistics (Main Agent) ─────────────────────────────────────────────────────────────────────────┐
│Tokens:                                                                                           │
│  Input:  0                                                                                       │
│  Output: 0                                                                                       │
│  Total:  0                                                                                       │
│                                                                                                  │
│Estimated Cost:                                                                                   │
│  $0.00                                                                                           │
│                                                                                                  │
└──────────────────────────────────────────────────────────────────────────────────────────────────┘
[LIVE] │ Session 1/2 │ Wrap: On | q: Quit | ?: Help | /: Search | s: Stats | Tab: Cycle panes
