---
source: src/tests/view_snapshots.rs
expression: output
---
┌ Statistics: All Sessions ──────────────────────┐
│Tokens:                                         │
│  Input:  1,800                                 │
│  Output: 750                                   │
│  Total:  2,550                                 │
│  Cache:  300                                   │
│                                                │
│Estimated Cost:                                 │
│  $0.03                                         │
│                                                │
│Tool Usage:                                     │
│  Read: 5                                       │
│  Write: 3                                      │
│  Bash: 2                                       │
│                                                │
│Subagents:                                      │
│  Count: 2                                      │
│                                                │
│Entries:                                        │
│  Count: 10                                     │
│                                                │
│                                                │
│                                                │
│                                                │
└────────────────────────────────────────────────┘
