---
source: src/tests/acceptance_stats_session_mismatch.rs
expression: main_tab_output
---
┌Conversations─────────────────────────────────────────────────────────────────────────────────────┐
│ Main │ toolu_sub_001                                                                             │
└──────────────────────────────────────────────────────────────────────────────────────────────────┘
┌Main [Opus] (3 entries)───────────────────────────────────────────────────────────────────────────┐
│                                                                                                  │
││  2 Main agent response 1                                                                        │
│── 1.0k in / 100 out / $0.02 | Context: 1.0k (0%) ──                                              │
││  3 Main agent response 2                                                                        │
│── 2.0k in / 200 out / $0.04 | Context: 3.0k (1%) ──                                              │
│                                                                                                  │
│                                                                                                  │
│                                                                                                  │
│                                                                                                  │
│                                                                                                  │
│                                                                                                  │
│                                                                                                  │
│                                                                                                  │
│                                                                                                  │
└──────────────────────────────────────────────────────────────────────────────────────────────────┘
┌ Statistics ──────────────────────────────────────────────────────────────────────────────────────┐
│Tokens:                                                                                           │
│  Input:  3,125                                                                                   │
│  Output: 325                                                                                     │
│  Total:  3,450                                                                                   │
│                                                                                                  │
│Estimated Cost:                                                                                   │
│  $0.07                                                                                           │
│                                                                                                  │
└──────────────────────────────────────────────────────────────────────────────────────────────────┘
[LIVE] Wrap: On | q: Quit | ?: Help | /: Search | s: Stats | Tab: Cycle panes
