---
source: src/tests/acceptance_scroll.rs
expression: scrolled_output
---
┌Conversations─────────────────────────────────────────────────────────────────┐
│ Main                                                                         │
└──────────────────────────────────────────────────────────────────────────────┘
┌Main [Opus] (20 entries)──────────────────────────────────────────────────────┐
│                                                                              │
││  3 Let me understand the task:                                              │
││                                                                             │
││    1. I'm a coordinator agent that CANNOT read/write code directly          │
││    (+10 more lines)                                                         │
│── ↓37.4k/37.4k ↑1/118 / $0.02 | Context: 37.4k (18%) ──                      │
││  4 I'll start by loading the required skill and then following the coordinat│
││    or protocol.                                                             │
│── ↓37.4k/37.4k ↑1/1 / $0.02 | Context: 37.4k (18%) ──                        │
││  5 🔧. Tool: Skill                                                           │
││      {                                                                      │
││        "skill": "efficient-subagent-orchestration"                          │
││      }                                                                      │
│── ↓37.4k/37.4k ↑1/12 / $0.02 | Context: 37.4k (18%) ──                       │
││  6 🔧. Tool: Skill                                                           │
││      {                                                                      │
││        "skill": "beads-project-tracking"                                    │
││      }                                                                      │
└──────────────────────────────────────────────────────────────────────────────┘
[LIVE] Wrap: On | q: Quit | ?: Help | /: Search | s: Stats | Tab: Cycle panes
