---
source: src/tests/view_snapshots.rs
expression: after_click_output.clone()
---
┌Conversations─────────────────────────────────────────────────────────────────────────────────────────────────────────┐
│ Main Agent │ subagent_alpha │ subagent_beta │ subagent_gamma                                                         │
└──────────────────────────────────────────────────────────────────────────────────────────────────────────────────────┘
┌Subagent subagent_alpha [Sonnet] (1 entries)──────────────────────────────────────────────────────────────────────────┐
││  1 First subagent response                                                                                          │
│── 3 in / 8 out / $0.00 | Context: 3 (0%) ──                                                                          │
│                                                                                                                      │
│                                                                                                                      │
│                                                                                                                      │
│                                                                                                                      │
│                                                                                                                      │
│                                                                                                                      │
│                                                                                                                      │
│                                                                                                                      │
│                                                                                                                      │
│                                                                                                                      │
│                                                                                                                      │
│                                                                                                                      │
│                                                                                                                      │
│                                                                                                                      │
│                                                                                                                      │
│                                                                                                                      │
│                                                                                                                      │
│                                                                                                                      │
│                                                                                                                      │
│                                                                                                                      │
│                                                                                                                      │
│                                                                                                                      │
└──────────────────────────────────────────────────────────────────────────────────────────────────────────────────────┘
[LIVE] Wrap: On | q: Quit | ?: Help | /: Search | s: Stats | Tab: Cycle panes
