---
source: src/tests/view_snapshots.rs
expression: output
---
┌Conversations─────────────────────────────────────────────┐
│ Main Agent                                               │
└──────────────────────────────────────────────────────────┘
┌Main Agent (1 entries)────────────────────────────────────┐
││  1 This is a short line.                                │
││                                                         │
││    This is a very long line that should definitely wrap │
││    when displayed in a narrow terminal window because it│
││     exceeds the typical width of most terminal displays.│
││                                                         │
││    Another short line.                                  │
│── 100 in / 50 out / $0.01 | Context: 100 (0%) ──         │
│                                                          │
│                                                          │
│                                                          │
│                                                          │
│                                                          │
│                                                          │
└──────────────────────────────────────────────────────────┘
[LIVE] Wrap: On | q: Quit | ?: Help | /: Search
