---
source: src/tests/view_snapshots.rs
expression: after_tab_click_non_last.clone()
---
┌Conversations─────────────────────────────────────────────────────────────────────────────────────────────────────────────────────────────────────────────────────────────────────────────────────────┐
│ Main │ toolu_01DEfQddExUyZs1r9z6THScM │ toolu_01MXGXpkHkWxmSjJswAV1dLc │ toolu_01SA5Pockrn73MHHwa24cwq9 │ toolu_01To4EpAmDWLJGFrWyzKr4jp │ toolu_01VNHBYrBWyPxX7eNRi87Egw │ toolu_01VzXGo1GJ1LkH6gMvc│
└──────────────────────────────────────────────────────────────────────────────────────────────────────────────────────────────────────────────────────────────────────────────────────────────────────┘
┌toolu_01DEfQddExUyZs1r9z6THScM [Sonnet] (69 entries)──────────────────────────────────────────────────────────────────────────────────────────────────────────────────────────────────────────────────┐
││  1 ## Task: Create flake.nix for Claude Code Log Viewer (cclv)                                                                                                                                      │
││                                                                                                                                                                                                     │
││    Bead ID: cclv-07v.1.1                                                                                                                                                                            │
││    (+66 more lines)                                                                                                                                                                                 │
│                                                                                                                                                                                                      │
││  2 🔧. Tool: Read                                                                                                                                                                                    │
││      {                                                                                                                                                                                              │
││        "file_path": "/home/claude/cclv/specs/001-claude-code-log-viewer/plan.md"                                                                                                                    │
││      }                                                                                                                                                                                              │
│── ↓18.0k/18.0k ↑3/21 / $0.03 | Context: 18.0k (8%) ──                                                                                                                                                │
││  3 🔧  Tool: Read                                                                                                                                                                                    │
││      {                                                                                                                                                                                              │
││        "file_path": "/home/claude/cclv/CLAUDE.md"                                                                                                                                                   │
││      }                                                                                                                                                                                              │
│── ↓18.0k/18.0k ↑3/13 / $0.03 | Context: 18.0k (8%) ──                                                                                                                                                │
││  4 🔧  Tool: Bash                                                                                                                                                                                    │
││      {                                                                                                                                                                                              │
││        "command": "ls -la /home/claude/cclv/",                                                                                                                                                      │
││        "description": "List files in project root"                                                                                                                                                  │
││      }                                                                                                                                                                                              │
│── ↓18.0k/18.0k ↑3/23 / $0.03 | Context: 18.0k (8%) ──                                                                                                                                                │
││  5      1→# Implementation Plan: Claude Code Log Viewer TUI                                                                                                                                         │
││         2→                                                                                                                                                                                          │
││         3→**Branch**: `001-claude-code-log-viewer` | **Date**: 2025-12-25 | **Spec**: [spec.md](./spec.md)                                                                                          │
││    (+414 more lines)                                                                                                                                                                                │
│                                                                                                                                                                                                      │
││  6      1→# CLAUDE.md                                                                                                                                                                               │
││         2→                                                                                                                                                                                          │
││         3→This file provides guidance to Claude Code (claude.ai/code) when working with code in this repository.                                                                                    │
││    (+110 more lines)                                                                                                                                                                                │
│                                                                                                                                                                                                      │
││  7 total 256                                                                                                                                                                                        │
││    drwxr-xr-x  6 claude users   4096 Dec 25 19:06 .                                                                                                                                                 │
││    drwx------ 29 claude users   4096 Dec 25 19:06 ..                                                                                                                                                │
└──────────────────────────────────────────────────────────────────────────────────────────────────────────────────────────────────────────────────────────────────────────────────────────────────────┘
[LIVE] │ Session 1/24 │ Wrap: On | q: Quit | ?: Help | /: Search | s: Stats | Tab: Cycle panes
