---
source: src/tests/view_snapshots.rs
expression: after_first_tab.clone()
---
┌Conversations─────────────────────────────────────────────────────────────────┐
│ Main │ subagent-a                                                            │
└──────────────────────────────────────────────────────────────────────────────┘
┌subagent-a [Sonnet] (1 entries)───────────────────────────────────────────────┐
││  1 Session 1 subagent message                                               │
│── ↓5/5 ↑20/20 / $0.00 | Context: 25 (0%) ──                                  │
│                                                                              │
│                                                                              │
│                                                                              │
│                                                                              │
│                                                                              │
│                                                                              │
│                                                                              │
│                                                                              │
│                                                                              │
│                                                                              │
│                                                                              │
│                                                                              │
│                                                                              │
│                                                                              │
│                                                                              │
│                                                                              │
└──────────────────────────────────────────────────────────────────────────────┘
[LIVE] │ Session 1/2 │ Wrap: On | q: Quit | ?: Help | /: Search
