---
source: tests/acceptance_scroll.rs
expression: scrolled_output
---
Model: Unknown | Main Agent | ? | 0 tools, 0 agents, 0 skills
┌Main Agent (20 entries)───────────────────────────────────────────────────────┐
│                                                                              │
│1. I'm a coordinator agent that CANNOT read/write code directly               │
│(+8 more lines)                                                               │
│                                                                              │
│I'll start by loading the required skill and then following the coordinator pr│
│                                                                              │
│Tool: Skill                                                                   │
│  {                                                                           │
│    "skill": "efficient-subagent-orchestration"                               │
│  }                                                                           │
│                                                                              │
│Tool: Skill                                                                   │
│  {                                                                           │
│    "skill": "beads-project-tracking"                                         │
│  }                                                                           │
│                                                                              │
│Launching skill: efficient-subagent-orchestration                             │
│                                                                              │
│Base directory for this skill: /home/claude/.claude/skills/efficient-subagent-│
│                                                                              │
└──────────────────────────────────────────────────────────────────────────────┘
[LIVE] Wrap: On | q: Quit | ?: Help | /: Search | s: Stats | Tab: Cycle panes
