---
source: tests/acceptance_scroll.rs
expression: second_page_output
---
Model: Unknown | Main Agent | ? | 0 tools, 0 agents, 0 skills
┌Conversations─────────────────────────────────────────────────────────────────┐
│ Main Agent                                                                   │
└──────────────────────────────────────────────────────────────────────────────┘
┌Main Agent (20 entries) ▶─────────────────────────────────────────────────────┐
│  11│3. **Check checklists**: Check if there are any checklists               │
│  11│4. **Load implementation context**: Read the spec files                  │
│  11│5. **Find ready work**: Use bd ready to find available work              │
│  11│6. **Execute implementation loop**: Delegate to subagents                │
│  11│                                                                         │
│  11│Let me start with steps 1-3 in parallel.                                 │
│                                                                              │
│  12│Now let me follow the coordinator protocol. Starting with setup, branch/e│
│  12│erification, and checking for ready work:                                │
│                                                                              │
│  13│🔧a Tool: Bash                                                            │
│  13│  {                                                                      │
│  13│    "command": "./.specify/scripts/bash/check-prerequisites.sh --json 2>/│
│  13│    "description": "Check prerequisites for spec setup"                  │
│  13│  }                                                                      │
│                                                                              │
│  14│🔧  Tool: Bash                                                            │
└──────────────────────────────────────────────────────────────────────────────┘
[LIVE] Wrap: On | q: Quit | ?: Help | /: Search | s: Stats | Tab: Cycle panes
