---
source: tests/acceptance_scroll.rs
expression: scrolled_up_output
---
Model: Unknown | Main Agent | ? | 0 tools, 0 agents, 0 skills
┌Main Agent (20 entries)───────────────────────────────────────────────────────┐
│                                                                              │
│Launching skill: efficient-subagent-orchestration                             │
│                                                                              │
│Base directory for this skill: /home/claude/.claude/skills/efficient-subagent-│
│                                                                              │
│# Efficient Subagent Orchestration for Main Agent                             │
│(+168 more lines)                                                             │
│                                                                              │
│Launching skill: beads-project-tracking                                       │
│                                                                              │
│Base directory for this skill: /home/claude/.claude/skills/beads-project-track│
│                                                                              │
│# Beads Project Tracking                                                      │
│(+199 more lines)                                                             │
│                                                                              │
│Now let me follow the coordinator protocol:                                   │
│                                                                              │
│1. **Setup**: Run the prerequisites check                                     │
│2. **Get feature branch and epic**: Get current branch and find epic          │
│3. **Check checklists**: Check if there are any checklists                    │
└──────────────────────────────────────────────────────────────────────────────┘
[LIVE] Wrap: On | q: Quit | ?: Help | /: Search | s: Stats | Tab: Cycle panes
