---
source: tests/acceptance_scroll.rs
expression: bottom_output
---
Model: Unknown | Main Agent | ? | 0 tools, 0 agents, 0 skills
┌Main Agent (20 entries)───────────────────────────────────────────────────────┐
│🔧  Tool: Bash                                                                 │
│  {                                                                           │
│    "command": "bd show cclv-07v --json 2>/dev/null | head -100",             │
│    "description": "Show epic details"                                        │
│  }                                                                           │
│                                                                              │
│{"FEATURE_DIR":"/home/claude/cclv/specs/001-claude-code-log-viewer","AVAILABLE│
│                                                                              │
│001-claude-code-log-viewer                                                    │
│                                                                              │
│[                                                                             │
│  {                                                                           │
│    "id": "cclv-07v.1",                                                       │
│(+47 more lines)                                                              │
│                                                                              │
│[                                                                             │
│  {                                                                           │
│    "id": "cclv-07v",                                                         │
│(+97 more lines)                                                              │
│                                                                              │
└──────────────────────────────────────────────────────────────────────────────┘
[LIVE] Wrap: On | q: Quit | ?: Help | /: Search | s: Stats | Tab: Cycle panes
