---
source: tests/acceptance_scroll.rs
assertion_line: 305
expression: second_page_up_output
---
Model: Unknown | Main Agent | ? | 0 tools, 0 agents, 0 skills
┌Conversations─────────────────────────────────────────────────────────────────┐
│ Main Agent                                                                   │
└──────────────────────────────────────────────────────────────────────────────┘
┌Main Agent (20 entries) ▶─────────────────────────────────────────────────────┐
│                                                                              │
│   7│Launching skill: efficient-subagent-orchestration                        │
│                                                                              │
│   8│Base directory for this skill: /home/claude/.claude/skills/efficient-suba│
│   8│orchestration                                                            │
│   8│                                                                         │
│   8│(+179 more lines)                                                        │
│                                                                              │
│   9│Launching skill: beads-project-tracking                                  │
│                                                                              │
│  10│Base directory for this skill: /home/claude/.claude/skills/beads-project-│
│  10│ing                                                                      │
│  10│                                                                         │
│  10│(+210 more lines)                                                        │
│                                                                              │
│  11│Now let me follow the coordinator protocol:                              │
│  11│                                                                         │
└──────────────────────────────────────────────────────────────────────────────┘
[LIVE] Wrap: On | q: Quit | ?: Help | /: Search | s: Stats | Tab: Cycle panes
