---
source: tests/view_snapshots.rs
expression: output
---
┌Main Agent (1 entries)──────────────────────────────────────────────┐
││     1 Here's some code:                                           │
││                                                                   │
││       fn main() {                                                 │
││           println!("Hello, world!");                              │
││       }                                                           │
││                                                                   │
││       That's the code.                                            │
│                                                                    │
│                                                                    │
│                                                                    │
│                                                                    │
│                                                                    │
│                                                                    │
│                                                                    │
│                                                                    │
│                                                                    │
│                                                                    │
│                                                                    │
│                                                                    │
│                                                                    │
│                                                                    │
│                                                                    │
│                                                                    │
└────────────────────────────────────────────────────────────────────┘
