---
source: tests/view_snapshots.rs
assertion_line: 235
expression: output
---
┌Conversations─────────────────────────────────────────────┐
│ Main Agent │ agent-1 │ agent-2 │ agent-3                 │
│                                                          │
│                                                          │
└──────────────────────────────────────────────────────────┘
