---
source: tests/view_snapshots.rs
expression: output
---
┌Main Agent (1 entries)────────────────────────────────────────────────────────┐
││     1 Let me read that file for you.                                        │
││       🔧  Tool: Read                                                         │
││         {                                                                   │
││           "file_path": "/home/user/test.rs",                                │
││           "limit": 100                                                      │
││         }                                                                   │
│                                                                              │
│                                                                              │
│                                                                              │
│                                                                              │
│                                                                              │
│                                                                              │
│                                                                              │
│                                                                              │
│                                                                              │
│                                                                              │
│                                                                              │
│                                                                              │
└──────────────────────────────────────────────────────────────────────────────┘
