---
source: tests/view_snapshots.rs
expression: output
---
┌Main Agent (1 entries) ▶──────────────────────────────────┐
│   1│This is a very long line that definitely exceeds the │
│   1│ort width and should wrap to multiple lines when wrap│
│   1│is enabled. The content should continue on the next l│
│   1│without truncation.                                  │
│                                                          │
│                                                          │
│                                                          │
│                                                          │
│                                                          │
│                                                          │
│                                                          │
│                                                          │
│                                                          │
└──────────────────────────────────────────────────────────┘
