---
source: tests/view_snapshots.rs
expression: after_str
---
│First entry line 2                                                            │
│First entry line 3                                                            │
│                                                                              │
│Second entry line 1                                                           │
│Second entry line 2                                                           │
│                                                                              │
│Third entry - single line                                                     │
│                                                                              │
