---
source: tests/view_snapshots.rs
expression: before_str
---
││   1 First entry line 1                                                      │
││     First entry line 2                                                      │
││     First entry line 3                                                      │
│                                                                              │
││   2 Second entry line 1                                                     │
││     Second entry line 2                                                     │
│                                                                              │
││   3 Third entry - single line                                               │
