---
source: tests/view_snapshots.rs
expression: scrolled_output
---
Model: Unknown | Main Agent
┌Main Agent (1 entries)────────────────────────────────────┐
│                                                          │
│                                                          │
│mplete/content/MARKER_END_OF_LINE.txt"                    │
│                                                          │
│                                                          │
│                                                          │
│                                                          │
│                                                          │
│                                                          │
│                                                          │
│                                                          │
└──────────────────────────────────────────────────────────┘
[LIVE] Wrap: Off | q: Quit | ?: Help | /: Search
