---
source: tests/view_snapshots.rs
expression: output
---
┌Conversation (1 entries)──────────────────────────────────────────────────────┐
│This is a test message with some searchable content.                          │
│Another line with test keyword.                                               │
│                                                                              │
│                                                                              │
│                                                                              │
│                                                                              │
│                                                                              │
│                                                                              │
│                                                                              │
│                                                                              │
│                                                                              │
│                                                                              │
│                                                                              │
│                                                                              │
│                                                                              │
│                                                                              │
│                                                                              │
│                                                                              │
└──────────────────────────────────────────────────────────────────────────────┘
