---
source: tests/view_snapshots.rs
assertion_line: 284
expression: output
---
┌Conversations───────────────────────────────────┐
│ Main Agent │ agent-1 │ agent-2                 │
│                                                │
│                                                │
└────────────────────────────────────────────────┘
