---
source: tests/view_snapshots.rs
expression: output
---
Model: Unknown | Main Agent | ? | 0 tools, 0 agents, 0 skills
┌Main Agent (20 entries)───────────────────────────────────────────────────────┐
│                                                                              │
│                                                                              │
│Let me understand the task:                                                   │
│                                                                              │
│1. I'm a coordinator agent that CANNOT read/write code directly               │
│(+8 more lines)                                                               │
│                                                                              │
│I'll start by loading the required skill and then following the coordinator pr│
│                                                                              │
│Tool: Skill                                                                   │
│  {                                                                           │
│    "skill": "efficient-subagent-orchestration"                               │
│  }                                                                           │
│                                                                              │
│Tool: Skill                                                                   │
│  {                                                                           │
│    "skill": "beads-project-tracking"                                         │
│  }                                                                           │
│                                                                              │
│Launching skill: efficient-subagent-orchestration                             │
│                                                                              │
│Base directory for this skill: /home/claude/.claude/skills/efficient-subagent-│
│                                                                              │
│# Efficient Subagent Orchestration for Main Agent                             │
│(+168 more lines)                                                             │
│                                                                              │
│Launching skill: beads-project-tracking                                       │
│                                                                              │
│Base directory for this skill: /home/claude/.claude/skills/beads-project-track│
│                                                                              │
│# Beads Project Tracking                                                      │
│(+199 more lines)                                                             │
│                                                                              │
│Now let me follow the coordinator protocol:                                   │
│                                                                              │
│1. **Setup**: Run the prerequisites check                                     │
└──────────────────────────────────────────────────────────────────────────────┘
[LIVE] Wrap: On | q: Quit | ?: Help | /: Search | s: Stats | Tab: Cycle panes
