---
source: tests/view_snapshots.rs
expression: output
---
┌Main Agent (1 entries)──────────────────────────────────────────────┐
│Here's some code:                                                   │
│                                                                    │
│```rust                                                             │
│fn main() {                                                         │
│    println!("Hello, world!");                                      │
│}                                                                   │
│```                                                                 │
│                                                                    │
│That's the code.                                                    │
│                                                                    │
│                                                                    │
│                                                                    │
│                                                                    │
│                                                                    │
│                                                                    │
│                                                                    │
│                                                                    │
│                                                                    │
│                                                                    │
│                                                                    │
│                                                                    │
│                                                                    │
│                                                                    │
└────────────────────────────────────────────────────────────────────┘
