---
source: tests/view_snapshots.rs
expression: output_after.clone()
---
Model: Unknown | Subagent toolu_013heDTEdCz8mvrxEGezZteB | ? | 0 tools, 0 agents, 0 skills
┌Conversations─────────────────────────────────────────────────────────────────────────────────────────────────────────────────────────────────────────────────────────────────────────────────────────┐
│ Main Agent │ toolu_013heDTEdCz8mvrxEGezZteB │ toolu_014WRyZPPnVxekx3ACaBtEz8 │ toolu_01UcpbyRyV4mTttzBQZ2tjiX                                                                                        │
└──────────────────────────────────────────────────────────────────────────────────────────────────────────────────────────────────────────────────────────────────────────────────────────────────────┘
┌Subagent toolu_013heDTEdCz8mvrxEGezZteB [Haiku] (79 entries)──────────────────────────────────────────────────────────────────────────────────────────────────────────────────────────────────────────┐
││     2 🔧# Tool: Bash                                                                                                                                                                                 │
││         {                                                                                                                                                                                           │
││           "command": "git diff HEAD~1 HEAD --name-only",                                                                                                                                            │
││           "description": "Show files changed in recent commit"                                                                                                                                      │
││         }                                                                                                                                                                                           │
│── 3 in / 1 out / $0.03 | Context: 16.8k (8%) ──                                                                                                                                                      │
││     3 .beads/issues.jsonl                                                                                                                                                                           │
││       src/view/mod.rs                                                                                                                                                                               │
││       tests/snapshots/view_snapshots__message_with_search_highlighting.snap                                                                                                                         │
││       tests/view_snapshots.rs                                                                                                                                                                       │
│                                                                                                                                                                                                      │
││     4 🔧b Tool: Read                                                                                                                                                                                 │
││         {                                                                                                                                                                                           │
││           "file_path": "/home/claude/cclv/src/view/mod.rs",                                                                                                                                         │
││           "limit": 100                                                                                                                                                                              │
││         }                                                                                                                                                                                           │
│── 6 in / 1 out / $0.03 | Context: 33.8k (16%) ──                                                                                                                                                     │
││     5 🔧  Tool: Read                                                                                                                                                                                 │
││         {                                                                                                                                                                                           │
││           "file_path": "/home/claude/cclv/tests/view_snapshots.rs",                                                                                                                                 │
││           "limit": 550                                                                                                                                                                              │
││         }                                                                                                                                                                                           │
│── 6 in / 1 out / $0.03 | Context: 50.8k (25%) ──                                                                                                                                                     │
││     6      1→//! TUI rendering and terminal management (impure shell)                                                                                                                               │
││            2→                                                                                                                                                                                       │
││            3→mod help;                                                                                                                                                                              │
││       (+101 more lines)                                                                                                                                                                             │
│                                                                                                                                                                                                      │
││     7      1→//! Snapshot tests for key view components                                                                                                                                             │
││            2→//!                                                                                                                                                                                    │
││            3→//! Uses insta + ratatui TestBackend to verify rendering output doesn't regress.                                                                                                       │
││       (+551 more lines)                                                                                                                                                                             │
│                                                                                                                                                                                                      │
└──────────────────────────────────────────────────────────────────────────────────────────────────────────────────────────────────────────────────────────────────────────────────────────────────────┘
[LIVE] Wrap: On | q: Quit | ?: Help | /: Search | s: Stats | Tab: Cycle panes
