---
source: tests/view_snapshots.rs
assertion_line: 2114
expression: output
---
Model: claude-opus-4-5-20251101 | Main Agent | /home/claude/cclv | 18 tools, 17 agents, 33 skills
┌Main Agent (3 entries) ▶──────────────────────────────────────────────────────────────────────────────────────────────┐
│   1│## Task                                                                                                          │
│   1│                                                                                                                 │
│   1│Update calculate_entry_height to account for viewport width and wrap mode. This is step 3 of the per-item wrap re│
│   1│(+66 more lines)                                                                                                 │
│                                                                                                                      │
│   2│🔧  Tool: Skill                                                                                                   │
│   2│  {                                                                                                              │
│   2│    "skill": "test-driven-development"                                                                           │
│   2│  }                                                                                                              │
│                                                                                                                      │
│   3│Launching skill: test-driven-development                                                                         │
│                                                                                                                      │
│                                                                                                                      │
│                                                                                                                      │
│                                                                                                                      │
│                                                                                                                      │
│                                                                                                                      │
│                                                                                                                      │
│                                                                                                                      │
│                                                                                                                      │
│                                                                                                                      │
│                                                                                                                      │
│                                                                                                                      │
│                                                                                                                      │
│                                                                                                                      │
│                                                                                                                      │
└──────────────────────────────────────────────────────────────────────────────────────────────────────────────────────┘
[LIVE] Wrap: On | q: Quit | ?: Help | /: Search | s: Stats | Tab: Cycle panes
