---
source: tests/view_snapshots.rs
assertion_line: 254
expression: output
---
┌Subagents───────────────────────────────────────┐
│ agent-1 │ agent-2                              │
│                                                │
│                                                │
└────────────────────────────────────────────────┘
