---
source: tests/view_snapshots.rs
expression: output
---
Model: claude-opus-4-5-20251101 | Main Agent | /home/claude/cclv | 18 tools, 17 agents, 33 skills
┌Main Agent (4 entries) ▶──────────────────────────────────────────────┐┌Subagents─────────────────────────────────────┐
│                                                                      ││ toolu_01HTBrtxPQYmFfvr3Dc5SB1y               │
│   2│Launching skill: efficient-subagent-orchestration                │└──────────────────────────────────────────────┘
│                                                                      │┌Subagent toolu_01HTBrtxPQYmFfvr3Dc5SB1y (3 ent┐
│   3│Let me understand the task:                                      ││   1│## Task                                  │
│   3│                                                                 ││   1│                                         │
│   3│1. I'm a coordinator agent that CANNOT read/write code directly  ││   1│Update calculate_entry_height to account │
│   3│2. I need to claim ONE bead from the epic cclv-07v               ││   1│(+66 more lines)                         │
│   3│3. I need to first run the efficient-subagent-orchestration skill││                                              │
│   3│4. I need to follow the protocol: setup, find epic, check checkli││   2│🔧  Tool: Skill                           │
│   3│                                                                 ││   2│  {                                      │
│   3│Let me start by loading the required skill and then following the││   2│    "skill": "test-driven-development"   │
│   3│                                                                 ││   2│  }                                      │
│   3│First, I'll invoke the efficient-subagent-orchestration skill as ││                                              │
│                                                                      ││   3│Launching skill: test-driven-development │
│   4│🔧  Tool: Task                                                    ││                                              │
│   4│  {                                                              ││                                              │
│   4│    "description": "Create flake.nix for cclv",                  ││                                              │
│   4│    "model": "sonnet",                                           ││                                              │
│   4│  (+20 more lines)                                               ││                                              │
│                                                                      ││                                              │
│                                                                      ││                                              │
│                                                                      ││                                              │
│                                                                      ││                                              │
│                                                                      ││                                              │
│                                                                      ││                                              │
│                                                                      ││                                              │
└──────────────────────────────────────────────────────────────────────┘└──────────────────────────────────────────────┘
[LIVE] Wrap: On | q: Quit | ?: Help | /: Search | s: Stats | Tab: Cycle panes
