---
source: src/test_harness.rs
expression: output
---
┌Conversations─────────────────────────────────────────────────────────────────┐
│ Main Agent                                                                   │
└──────────────────────────────────────────────────────────────────────────────┘
┌Main Agent [Opus] (6 entries)─────────────────────────────────────────────────┐
│                                                                              │
││  2 Hello                                                                    │
│                                                                              │
││  3 Hi there!                                                                │
│                                                                              │
││  4 Can you help?                                                            │
│                                                                              │
││  5 Of course, I'd be happy to help.                                         │
│                                                                              │
││  6 Thanks                                                                   │
│                                                                              │
│                                                                              │
│                                                                              │
│                                                                              │
│                                                                              │
│                                                                              │
│                                                                              │
│                                                                              │
└──────────────────────────────────────────────────────────────────────────────┘
[LIVE] Wrap: On | q: Quit | ?: Help | /: Search | s: Stats | Tab: Cycle panes
